// Jest Snapshot v1, https://goo.gl/fbAQLP

exports[`should render Buttons correctly 1`] = `
<div
  id="buttons"
>
  <DeleteButton />
  <EditButton />
  <NewCommentButton />
  <LikeButton />
</div>
`;
