// Jest Snapshot v1, https://goo.gl/fbAQLP

exports[`should render EditButton correctly 1`] = `
<div
  id="editButton"
>
  <button
    className="button"
    id="edit"
    onClick={[Function]}
  >
    ✏️
  </button>
</div>
`;
