// Jest Snapshot v1, https://goo.gl/fbAQLP

exports[`should render Welcome correctly 1`] = `
<div>
  Loading...
</div>
`;
